Linux e062.chtc.wisc.edu 2.6.32-358.6.2.el6.x86_64 #1 SMP Thu May 16 11:21:38 CDT 2013 x86_64 x86_64 x86_64 GNU/Linux
jre1.7.0_51/
jre1.7.0_51/README
jre1.7.0_51/bin/
jre1.7.0_51/bin/policytool
jre1.7.0_51/bin/rmiregistry
jre1.7.0_51/bin/orbd
jre1.7.0_51/bin/java_vm
jre1.7.0_51/bin/ControlPanel
jre1.7.0_51/bin/tnameserv
jre1.7.0_51/bin/javaws
jre1.7.0_51/bin/unpack200
jre1.7.0_51/bin/servertool
jre1.7.0_51/bin/keytool
jre1.7.0_51/bin/java
jre1.7.0_51/bin/jcontrol
jre1.7.0_51/bin/rmid
jre1.7.0_51/bin/pack200
jre1.7.0_51/lib/
jre1.7.0_51/lib/plugin.jar
jre1.7.0_51/lib/charsets.jar
jre1.7.0_51/lib/fontconfig.bfc
jre1.7.0_51/lib/fontconfig.SuSE.10.properties.src
jre1.7.0_51/lib/management/
jre1.7.0_51/lib/management/jmxremote.password.template
jre1.7.0_51/lib/management/snmp.acl.template
jre1.7.0_51/lib/management/management.properties
jre1.7.0_51/lib/management/jmxremote.access
jre1.7.0_51/lib/psfont.properties.ja
jre1.7.0_51/lib/desktop/
jre1.7.0_51/lib/desktop/icons/
jre1.7.0_51/lib/desktop/icons/HighContrastInverse/
jre1.7.0_51/lib/desktop/icons/HighContrastInverse/48x48/
jre1.7.0_51/lib/desktop/icons/HighContrastInverse/48x48/mimetypes/
jre1.7.0_51/lib/desktop/icons/HighContrastInverse/48x48/mimetypes/gnome-mime-text-x-java.png
jre1.7.0_51/lib/desktop/icons/HighContrastInverse/48x48/mimetypes/gnome-mime-application-x-java-jnlp-file.png
jre1.7.0_51/lib/desktop/icons/HighContrastInverse/48x48/mimetypes/gnome-mime-application-x-java-archive.png
jre1.7.0_51/lib/desktop/icons/HighContrastInverse/48x48/apps/
jre1.7.0_51/lib/desktop/icons/HighContrastInverse/48x48/apps/sun-jcontrol.png
jre1.7.0_51/lib/desktop/icons/HighContrastInverse/48x48/apps/sun-javaws.png
jre1.7.0_51/lib/desktop/icons/HighContrastInverse/48x48/apps/sun-java.png
jre1.7.0_51/lib/desktop/icons/HighContrastInverse/16x16/
jre1.7.0_51/lib/desktop/icons/HighContrastInverse/16x16/mimetypes/
jre1.7.0_51/lib/desktop/icons/HighContrastInverse/16x16/mimetypes/gnome-mime-text-x-java.png
jre1.7.0_51/lib/desktop/icons/HighContrastInverse/16x16/mimetypes/gnome-mime-application-x-java-jnlp-file.png
jre1.7.0_51/lib/desktop/icons/HighContrastInverse/16x16/mimetypes/gnome-mime-application-x-java-archive.png
jre1.7.0_51/lib/desktop/icons/HighContrastInverse/16x16/apps/
jre1.7.0_51/lib/desktop/icons/HighContrastInverse/16x16/apps/sun-jcontrol.png
jre1.7.0_51/lib/desktop/icons/HighContrastInverse/16x16/apps/sun-javaws.png
jre1.7.0_51/lib/desktop/icons/HighContrastInverse/16x16/apps/sun-java.png
jre1.7.0_51/lib/desktop/icons/hicolor/
jre1.7.0_51/lib/desktop/icons/hicolor/48x48/
jre1.7.0_51/lib/desktop/icons/hicolor/48x48/mimetypes/
jre1.7.0_51/lib/desktop/icons/hicolor/48x48/mimetypes/gnome-mime-text-x-java.png
jre1.7.0_51/lib/desktop/icons/hicolor/48x48/mimetypes/gnome-mime-application-x-java-jnlp-file.png
jre1.7.0_51/lib/desktop/icons/hicolor/48x48/mimetypes/gnome-mime-application-x-java-archive.png
jre1.7.0_51/lib/desktop/icons/hicolor/48x48/apps/
jre1.7.0_51/lib/desktop/icons/hicolor/48x48/apps/sun-jcontrol.png
jre1.7.0_51/lib/desktop/icons/hicolor/48x48/apps/sun-javaws.png
jre1.7.0_51/lib/desktop/icons/hicolor/48x48/apps/sun-java.png
jre1.7.0_51/lib/desktop/icons/hicolor/16x16/
jre1.7.0_51/lib/desktop/icons/hicolor/16x16/mimetypes/
jre1.7.0_51/lib/desktop/icons/hicolor/16x16/mimetypes/gnome-mime-text-x-java.png
jre1.7.0_51/lib/desktop/icons/hicolor/16x16/mimetypes/gnome-mime-application-x-java-jnlp-file.png
jre1.7.0_51/lib/desktop/icons/hicolor/16x16/mimetypes/gnome-mime-application-x-java-archive.png
jre1.7.0_51/lib/desktop/icons/hicolor/16x16/apps/
jre1.7.0_51/lib/desktop/icons/hicolor/16x16/apps/sun-jcontrol.png
jre1.7.0_51/lib/desktop/icons/hicolor/16x16/apps/sun-javaws.png
jre1.7.0_51/lib/desktop/icons/hicolor/16x16/apps/sun-java.png
jre1.7.0_51/lib/desktop/icons/HighContrast/
jre1.7.0_51/lib/desktop/icons/HighContrast/48x48/
jre1.7.0_51/lib/desktop/icons/HighContrast/48x48/mimetypes/
jre1.7.0_51/lib/desktop/icons/HighContrast/48x48/mimetypes/gnome-mime-text-x-java.png
jre1.7.0_51/lib/desktop/icons/HighContrast/48x48/mimetypes/gnome-mime-application-x-java-jnlp-file.png
jre1.7.0_51/lib/desktop/icons/HighContrast/48x48/mimetypes/gnome-mime-application-x-java-archive.png
jre1.7.0_51/lib/desktop/icons/HighContrast/48x48/apps/
jre1.7.0_51/lib/desktop/icons/HighContrast/48x48/apps/sun-jcontrol.png
jre1.7.0_51/lib/desktop/icons/HighContrast/48x48/apps/sun-javaws.png
jre1.7.0_51/lib/desktop/icons/HighContrast/48x48/apps/sun-java.png
jre1.7.0_51/lib/desktop/icons/HighContrast/16x16/
jre1.7.0_51/lib/desktop/icons/HighContrast/16x16/mimetypes/
jre1.7.0_51/lib/desktop/icons/HighContrast/16x16/mimetypes/gnome-mime-text-x-java.png
jre1.7.0_51/lib/desktop/icons/HighContrast/16x16/mimetypes/gnome-mime-application-x-java-jnlp-file.png
jre1.7.0_51/lib/desktop/icons/HighContrast/16x16/mimetypes/gnome-mime-application-x-java-archive.png
jre1.7.0_51/lib/desktop/icons/HighContrast/16x16/apps/
jre1.7.0_51/lib/desktop/icons/HighContrast/16x16/apps/sun-jcontrol.png
jre1.7.0_51/lib/desktop/icons/HighContrast/16x16/apps/sun-javaws.png
jre1.7.0_51/lib/desktop/icons/HighContrast/16x16/apps/sun-java.png
jre1.7.0_51/lib/desktop/icons/LowContrast/
jre1.7.0_51/lib/desktop/icons/LowContrast/48x48/
jre1.7.0_51/lib/desktop/icons/LowContrast/48x48/mimetypes/
jre1.7.0_51/lib/desktop/icons/LowContrast/48x48/mimetypes/gnome-mime-text-x-java.png
jre1.7.0_51/lib/desktop/icons/LowContrast/48x48/mimetypes/gnome-mime-application-x-java-jnlp-file.png
jre1.7.0_51/lib/desktop/icons/LowContrast/48x48/mimetypes/gnome-mime-application-x-java-archive.png
jre1.7.0_51/lib/desktop/icons/LowContrast/48x48/apps/
jre1.7.0_51/lib/desktop/icons/LowContrast/48x48/apps/sun-jcontrol.png
jre1.7.0_51/lib/desktop/icons/LowContrast/48x48/apps/sun-javaws.png
jre1.7.0_51/lib/desktop/icons/LowContrast/48x48/apps/sun-java.png
jre1.7.0_51/lib/desktop/icons/LowContrast/16x16/
jre1.7.0_51/lib/desktop/icons/LowContrast/16x16/mimetypes/
jre1.7.0_51/lib/desktop/icons/LowContrast/16x16/mimetypes/gnome-mime-text-x-java.png
jre1.7.0_51/lib/desktop/icons/LowContrast/16x16/mimetypes/gnome-mime-application-x-java-jnlp-file.png
jre1.7.0_51/lib/desktop/icons/LowContrast/16x16/mimetypes/gnome-mime-application-x-java-archive.png
jre1.7.0_51/lib/desktop/icons/LowContrast/16x16/apps/
jre1.7.0_51/lib/desktop/icons/LowContrast/16x16/apps/sun-jcontrol.png
jre1.7.0_51/lib/desktop/icons/LowContrast/16x16/apps/sun-javaws.png
jre1.7.0_51/lib/desktop/icons/LowContrast/16x16/apps/sun-java.png
jre1.7.0_51/lib/desktop/applications/
jre1.7.0_51/lib/desktop/applications/sun-java.desktop
jre1.7.0_51/lib/desktop/applications/sun-javaws.desktop
jre1.7.0_51/lib/desktop/applications/sun_java.desktop
jre1.7.0_51/lib/desktop/mime/
jre1.7.0_51/lib/desktop/mime/packages/
jre1.7.0_51/lib/desktop/mime/packages/x-java-jnlp-file.xml
jre1.7.0_51/lib/desktop/mime/packages/x-java-archive.xml
jre1.7.0_51/lib/sound.properties
jre1.7.0_51/lib/fontconfig.SuSE.11.bfc
jre1.7.0_51/lib/fontconfig.RedHat.6.properties.src
jre1.7.0_51/lib/jsse.jar
jre1.7.0_51/lib/oblique-fonts/
jre1.7.0_51/lib/oblique-fonts/LucidaSansOblique.ttf
jre1.7.0_51/lib/oblique-fonts/LucidaTypewriterBoldOblique.ttf
jre1.7.0_51/lib/oblique-fonts/LucidaSansDemiOblique.ttf
jre1.7.0_51/lib/oblique-fonts/LucidaTypewriterOblique.ttf
jre1.7.0_51/lib/oblique-fonts/fonts.dir
jre1.7.0_51/lib/jexec
jre1.7.0_51/lib/flavormap.properties
jre1.7.0_51/lib/meta-index
jre1.7.0_51/lib/deploy.jar
jre1.7.0_51/lib/resources.jar
jre1.7.0_51/lib/fontconfig.SuSE.11.properties.src
jre1.7.0_51/lib/deploy/
jre1.7.0_51/lib/deploy/messages_zh_HK.properties
jre1.7.0_51/lib/deploy/messages_es.properties
jre1.7.0_51/lib/deploy/cautionshield.icns
jre1.7.0_51/lib/deploy/MixedCodeMainDialog.ui
jre1.7.0_51/lib/deploy/messages.properties
jre1.7.0_51/lib/deploy/ffjcext.zip
jre1.7.0_51/lib/deploy/MixedCodeMainDialogJs.ui
jre1.7.0_51/lib/deploy/messages_zh_CN.properties
jre1.7.0_51/lib/deploy/splash.gif
jre1.7.0_51/lib/deploy/messages_ja.properties
jre1.7.0_51/lib/deploy/messages_sv.properties
jre1.7.0_51/lib/deploy/messages_fr.properties
jre1.7.0_51/lib/deploy/messages_ko.properties
jre1.7.0_51/lib/deploy/messages_de.properties
jre1.7.0_51/lib/deploy/java-icon.ico
jre1.7.0_51/lib/deploy/mixcode_s.png
jre1.7.0_51/lib/deploy/messages_pt_BR.properties
jre1.7.0_51/lib/deploy/messages_it.properties
jre1.7.0_51/lib/deploy/messages_zh_TW.properties
jre1.7.0_51/lib/zi/
jre1.7.0_51/lib/zi/Indian/
jre1.7.0_51/lib/zi/Indian/Chagos
jre1.7.0_51/lib/zi/Indian/Antananarivo
jre1.7.0_51/lib/zi/Indian/Comoro
jre1.7.0_51/lib/zi/Indian/Mahe
jre1.7.0_51/lib/zi/Indian/Maldives
jre1.7.0_51/lib/zi/Indian/Reunion
jre1.7.0_51/lib/zi/Indian/Kerguelen
jre1.7.0_51/lib/zi/Indian/Christmas
jre1.7.0_51/lib/zi/Indian/Mauritius
jre1.7.0_51/lib/zi/Indian/Cocos
jre1.7.0_51/lib/zi/Indian/Mayotte
jre1.7.0_51/lib/zi/CET
jre1.7.0_51/lib/zi/MET
jre1.7.0_51/lib/zi/Europe/
jre1.7.0_51/lib/zi/Europe/Tirane
jre1.7.0_51/lib/zi/Europe/Copenhagen
jre1.7.0_51/lib/zi/Europe/Moscow
jre1.7.0_51/lib/zi/Europe/Volgograd
jre1.7.0_51/lib/zi/Europe/Oslo
jre1.7.0_51/lib/zi/Europe/Lisbon
jre1.7.0_51/lib/zi/Europe/Helsinki
jre1.7.0_51/lib/zi/Europe/Chisinau
jre1.7.0_51/lib/zi/Europe/Zurich
jre1.7.0_51/lib/zi/Europe/Andorra
jre1.7.0_51/lib/zi/Europe/Samara
jre1.7.0_51/lib/zi/Europe/Athens
jre1.7.0_51/lib/zi/Europe/Luxembourg
jre1.7.0_51/lib/zi/Europe/Istanbul
jre1.7.0_51/lib/zi/Europe/Warsaw
jre1.7.0_51/lib/zi/Europe/Prague
jre1.7.0_51/lib/zi/Europe/Kaliningrad
jre1.7.0_51/lib/zi/Europe/Paris
jre1.7.0_51/lib/zi/Europe/Kiev
jre1.7.0_51/lib/zi/Europe/Berlin
jre1.7.0_51/lib/zi/Europe/Amsterdam
jre1.7.0_51/lib/zi/Europe/Sofia
jre1.7.0_51/lib/zi/Europe/Vilnius
jre1.7.0_51/lib/zi/Europe/Budapest
jre1.7.0_51/lib/zi/Europe/Madrid
jre1.7.0_51/lib/zi/Europe/Minsk
jre1.7.0_51/lib/zi/Europe/Dublin
jre1.7.0_51/lib/zi/Europe/London
jre1.7.0_51/lib/zi/Europe/Vienna
jre1.7.0_51/lib/zi/Europe/Monaco
jre1.7.0_51/lib/zi/Europe/Belgrade
jre1.7.0_51/lib/zi/Europe/Tallinn
jre1.7.0_51/lib/zi/Europe/Rome
jre1.7.0_51/lib/zi/Europe/Zaporozhye
jre1.7.0_51/lib/zi/Europe/Malta
jre1.7.0_51/lib/zi/Europe/Simferopol
jre1.7.0_51/lib/zi/Europe/Gibraltar
jre1.7.0_51/lib/zi/Europe/Brussels
jre1.7.0_51/lib/zi/Europe/Bucharest
jre1.7.0_51/lib/zi/Europe/Riga
jre1.7.0_51/lib/zi/Europe/Uzhgorod
jre1.7.0_51/lib/zi/Europe/Stockholm
jre1.7.0_51/lib/zi/HST
jre1.7.0_51/lib/zi/EET
jre1.7.0_51/lib/zi/Antarctica/
jre1.7.0_51/lib/zi/Antarctica/Syowa
jre1.7.0_51/lib/zi/Antarctica/Palmer
jre1.7.0_51/lib/zi/Antarctica/Vostok
jre1.7.0_51/lib/zi/Antarctica/DumontDUrville
jre1.7.0_51/lib/zi/Antarctica/Mawson
jre1.7.0_51/lib/zi/Antarctica/Rothera
jre1.7.0_51/lib/zi/Antarctica/Davis
jre1.7.0_51/lib/zi/Antarctica/Macquarie
jre1.7.0_51/lib/zi/Antarctica/Casey
jre1.7.0_51/lib/zi/SystemV/
jre1.7.0_51/lib/zi/SystemV/CST6
jre1.7.0_51/lib/zi/SystemV/MST7
jre1.7.0_51/lib/zi/SystemV/AST4
jre1.7.0_51/lib/zi/SystemV/CST6CDT
jre1.7.0_51/lib/zi/SystemV/AST4ADT
jre1.7.0_51/lib/zi/SystemV/EST5
jre1.7.0_51/lib/zi/SystemV/EST5EDT
jre1.7.0_51/lib/zi/SystemV/MST7MDT
jre1.7.0_51/lib/zi/SystemV/HST10
jre1.7.0_51/lib/zi/SystemV/PST8
jre1.7.0_51/lib/zi/SystemV/YST9YDT
jre1.7.0_51/lib/zi/SystemV/PST8PDT
jre1.7.0_51/lib/zi/SystemV/YST9
jre1.7.0_51/lib/zi/Africa/
jre1.7.0_51/lib/zi/Africa/Banjul
jre1.7.0_51/lib/zi/Africa/Algiers
jre1.7.0_51/lib/zi/Africa/Tripoli
jre1.7.0_51/lib/zi/Africa/Cairo
jre1.7.0_51/lib/zi/Africa/Lome
jre1.7.0_51/lib/zi/Africa/Djibouti
jre1.7.0_51/lib/zi/Africa/Gaborone
jre1.7.0_51/lib/zi/Africa/Harare
jre1.7.0_51/lib/zi/Africa/Porto-Novo
jre1.7.0_51/lib/zi/Africa/Khartoum
jre1.7.0_51/lib/zi/Africa/Maputo
jre1.7.0_51/lib/zi/Africa/Conakry
jre1.7.0_51/lib/zi/Africa/Blantyre
jre1.7.0_51/lib/zi/Africa/Lagos
jre1.7.0_51/lib/zi/Africa/Maseru
jre1.7.0_51/lib/zi/Africa/Nouakchott
jre1.7.0_51/lib/zi/Africa/Asmara
jre1.7.0_51/lib/zi/Africa/Accra
jre1.7.0_51/lib/zi/Africa/Lusaka
jre1.7.0_51/lib/zi/Africa/Bujumbura
jre1.7.0_51/lib/zi/Africa/Malabo
jre1.7.0_51/lib/zi/Africa/Nairobi
jre1.7.0_51/lib/zi/Africa/Johannesburg
jre1.7.0_51/lib/zi/Africa/Ouagadougou
jre1.7.0_51/lib/zi/Africa/Lubumbashi
jre1.7.0_51/lib/zi/Africa/Sao_Tome
jre1.7.0_51/lib/zi/Africa/Bangui
jre1.7.0_51/lib/zi/Africa/Dar_es_Salaam
jre1.7.0_51/lib/zi/Africa/Tunis
jre1.7.0_51/lib/zi/Africa/Libreville
jre1.7.0_51/lib/zi/Africa/Casablanca
jre1.7.0_51/lib/zi/Africa/Bamako
jre1.7.0_51/lib/zi/Africa/Kinshasa
jre1.7.0_51/lib/zi/Africa/Luanda
jre1.7.0_51/lib/zi/Africa/Windhoek
jre1.7.0_51/lib/zi/Africa/Ndjamena
jre1.7.0_51/lib/zi/Africa/Bissau
jre1.7.0_51/lib/zi/Africa/Addis_Ababa
jre1.7.0_51/lib/zi/Africa/Niamey
jre1.7.0_51/lib/zi/Africa/Ceuta
jre1.7.0_51/lib/zi/Africa/Brazzaville
jre1.7.0_51/lib/zi/Africa/Dakar
jre1.7.0_51/lib/zi/Africa/Abidjan
jre1.7.0_51/lib/zi/Africa/Douala
jre1.7.0_51/lib/zi/Africa/Kampala
jre1.7.0_51/lib/zi/Africa/El_Aaiun
jre1.7.0_51/lib/zi/Africa/Freetown
jre1.7.0_51/lib/zi/Africa/Mogadishu
jre1.7.0_51/lib/zi/Africa/Monrovia
jre1.7.0_51/lib/zi/Africa/Mbabane
jre1.7.0_51/lib/zi/Africa/Kigali
jre1.7.0_51/lib/zi/Etc/
jre1.7.0_51/lib/zi/Etc/GMT-6
jre1.7.0_51/lib/zi/Etc/GMT-10
jre1.7.0_51/lib/zi/Etc/GMT-5
jre1.7.0_51/lib/zi/Etc/GMT+11
jre1.7.0_51/lib/zi/Etc/GMT+12
jre1.7.0_51/lib/zi/Etc/GMT-2
jre1.7.0_51/lib/zi/Etc/GMT-11
jre1.7.0_51/lib/zi/Etc/GMT+2
jre1.7.0_51/lib/zi/Etc/GMT-3
jre1.7.0_51/lib/zi/Etc/GMT+10
jre1.7.0_51/lib/zi/Etc/GMT+1
jre1.7.0_51/lib/zi/Etc/GMT+4
jre1.7.0_51/lib/zi/Etc/GMT+6
jre1.7.0_51/lib/zi/Etc/GMT-1
jre1.7.0_51/lib/zi/Etc/GMT+3
jre1.7.0_51/lib/zi/Etc/UCT
jre1.7.0_51/lib/zi/Etc/GMT+9
jre1.7.0_51/lib/zi/Etc/GMT
jre1.7.0_51/lib/zi/Etc/GMT-4
jre1.7.0_51/lib/zi/Etc/GMT+8
jre1.7.0_51/lib/zi/Etc/GMT-7
jre1.7.0_51/lib/zi/Etc/GMT+7
jre1.7.0_51/lib/zi/Etc/GMT-9
jre1.7.0_51/lib/zi/Etc/UTC
jre1.7.0_51/lib/zi/Etc/GMT-12
jre1.7.0_51/lib/zi/Etc/GMT-13
jre1.7.0_51/lib/zi/Etc/GMT-14
jre1.7.0_51/lib/zi/Etc/GMT-8
jre1.7.0_51/lib/zi/Etc/GMT+5
jre1.7.0_51/lib/zi/America/
jre1.7.0_51/lib/zi/America/Tijuana
jre1.7.0_51/lib/zi/America/Chihuahua
jre1.7.0_51/lib/zi/America/Cancun
jre1.7.0_51/lib/zi/America/Belem
jre1.7.0_51/lib/zi/America/Dawson
jre1.7.0_51/lib/zi/America/Araguaina
jre1.7.0_51/lib/zi/America/Chicago
jre1.7.0_51/lib/zi/America/Santiago
jre1.7.0_51/lib/zi/America/Santo_Domingo
jre1.7.0_51/lib/zi/America/Regina
jre1.7.0_51/lib/zi/America/Atikokan
jre1.7.0_51/lib/zi/America/Martinique
jre1.7.0_51/lib/zi/America/Recife
jre1.7.0_51/lib/zi/America/Iqaluit
jre1.7.0_51/lib/zi/America/La_Paz
jre1.7.0_51/lib/zi/America/Matamoros
jre1.7.0_51/lib/zi/America/Port_of_Spain
jre1.7.0_51/lib/zi/America/Denver
jre1.7.0_51/lib/zi/America/Dawson_Creek
jre1.7.0_51/lib/zi/America/Rankin_Inlet
jre1.7.0_51/lib/zi/America/Maceio
jre1.7.0_51/lib/zi/America/Swift_Current
jre1.7.0_51/lib/zi/America/Resolute
jre1.7.0_51/lib/zi/America/Adak
jre1.7.0_51/lib/zi/America/Detroit
jre1.7.0_51/lib/zi/America/Curacao
jre1.7.0_51/lib/zi/America/Managua
jre1.7.0_51/lib/zi/America/Mexico_City
jre1.7.0_51/lib/zi/America/Whitehorse
jre1.7.0_51/lib/zi/America/Grand_Turk
jre1.7.0_51/lib/zi/America/Toronto
jre1.7.0_51/lib/zi/America/Panama
jre1.7.0_51/lib/zi/America/Anchorage
jre1.7.0_51/lib/zi/America/Guatemala
jre1.7.0_51/lib/zi/America/Winnipeg
jre1.7.0_51/lib/zi/America/Montevideo
jre1.7.0_51/lib/zi/America/Nipigon
jre1.7.0_51/lib/zi/America/Antigua
jre1.7.0_51/lib/zi/America/Glace_Bay
jre1.7.0_51/lib/zi/America/Montreal
jre1.7.0_51/lib/zi/America/Yakutat
jre1.7.0_51/lib/zi/America/Manaus
jre1.7.0_51/lib/zi/America/Kentucky/
jre1.7.0_51/lib/zi/America/Kentucky/Monticello
jre1.7.0_51/lib/zi/America/Kentucky/Louisville
jre1.7.0_51/lib/zi/America/Mazatlan
jre1.7.0_51/lib/zi/America/Sao_Paulo
jre1.7.0_51/lib/zi/America/Vancouver
jre1.7.0_51/lib/zi/America/Yellowknife
jre1.7.0_51/lib/zi/America/Fortaleza
jre1.7.0_51/lib/zi/America/Goose_Bay
jre1.7.0_51/lib/zi/America/Santarem
jre1.7.0_51/lib/zi/America/Los_Angeles
jre1.7.0_51/lib/zi/America/Cambridge_Bay
jre1.7.0_51/lib/zi/America/Scoresbysund
jre1.7.0_51/lib/zi/America/Metlakatla
jre1.7.0_51/lib/zi/America/Rio_Branco
jre1.7.0_51/lib/zi/America/Boa_Vista
jre1.7.0_51/lib/zi/America/Thule
jre1.7.0_51/lib/zi/America/Miquelon
jre1.7.0_51/lib/zi/America/Halifax
jre1.7.0_51/lib/zi/America/Indiana/
jre1.7.0_51/lib/zi/America/Indiana/Petersburg
jre1.7.0_51/lib/zi/America/Indiana/Knox
jre1.7.0_51/lib/zi/America/Indiana/Vevay
jre1.7.0_51/lib/zi/America/Indiana/Indianapolis
jre1.7.0_51/lib/zi/America/Indiana/Marengo
jre1.7.0_51/lib/zi/America/Indiana/Tell_City
jre1.7.0_51/lib/zi/America/Indiana/Vincennes
jre1.7.0_51/lib/zi/America/Indiana/Winamac
jre1.7.0_51/lib/zi/America/Boise
jre1.7.0_51/lib/zi/America/Porto_Velho
jre1.7.0_51/lib/zi/America/Caracas
jre1.7.0_51/lib/zi/America/Cayenne
jre1.7.0_51/lib/zi/America/Hermosillo
jre1.7.0_51/lib/zi/America/Barbados
jre1.7.0_51/lib/zi/America/Rainy_River
jre1.7.0_51/lib/zi/America/New_York
jre1.7.0_51/lib/zi/America/Havana
jre1.7.0_51/lib/zi/America/Danmarkshavn
jre1.7.0_51/lib/zi/America/Merida
jre1.7.0_51/lib/zi/America/Edmonton
jre1.7.0_51/lib/zi/America/North_Dakota/
jre1.7.0_51/lib/zi/America/North_Dakota/Center
jre1.7.0_51/lib/zi/America/North_Dakota/New_Salem
jre1.7.0_51/lib/zi/America/North_Dakota/Beulah
jre1.7.0_51/lib/zi/America/Bogota
jre1.7.0_51/lib/zi/America/Guyana
jre1.7.0_51/lib/zi/America/Bahia_Banderas
jre1.7.0_51/lib/zi/America/Jamaica
jre1.7.0_51/lib/zi/America/Campo_Grande
jre1.7.0_51/lib/zi/America/Thunder_Bay
jre1.7.0_51/lib/zi/America/Lima
jre1.7.0_51/lib/zi/America/Puerto_Rico
jre1.7.0_51/lib/zi/America/St_Johns
jre1.7.0_51/lib/zi/America/Asuncion
jre1.7.0_51/lib/zi/America/Paramaribo
jre1.7.0_51/lib/zi/America/Argentina/
jre1.7.0_51/lib/zi/America/Argentina/Mendoza
jre1.7.0_51/lib/zi/America/Argentina/Salta
jre1.7.0_51/lib/zi/America/Argentina/Rio_Gallegos
jre1.7.0_51/lib/zi/America/Argentina/Buenos_Aires
jre1.7.0_51/lib/zi/America/Argentina/Cordoba
jre1.7.0_51/lib/zi/America/Argentina/San_Luis
jre1.7.0_51/lib/zi/America/Argentina/San_Juan
jre1.7.0_51/lib/zi/America/Argentina/Tucuman
jre1.7.0_51/lib/zi/America/Argentina/Catamarca
jre1.7.0_51/lib/zi/America/Argentina/Ushuaia
jre1.7.0_51/lib/zi/America/Argentina/Jujuy
jre1.7.0_51/lib/zi/America/Argentina/La_Rioja
jre1.7.0_51/lib/zi/America/Phoenix
jre1.7.0_51/lib/zi/America/Godthab
jre1.7.0_51/lib/zi/America/Noronha
jre1.7.0_51/lib/zi/America/Eirunepe
jre1.7.0_51/lib/zi/America/El_Salvador
jre1.7.0_51/lib/zi/America/Port-au-Prince
jre1.7.0_51/lib/zi/America/Inuvik
jre1.7.0_51/lib/zi/America/Creston
jre1.7.0_51/lib/zi/America/Costa_Rica
jre1.7.0_51/lib/zi/America/Moncton
jre1.7.0_51/lib/zi/America/Cuiaba
jre1.7.0_51/lib/zi/America/Nome
jre1.7.0_51/lib/zi/America/Menominee
jre1.7.0_51/lib/zi/America/Santa_Isabel
jre1.7.0_51/lib/zi/America/Juneau
jre1.7.0_51/lib/zi/America/Belize
jre1.7.0_51/lib/zi/America/Nassau
jre1.7.0_51/lib/zi/America/Blanc-Sablon
jre1.7.0_51/lib/zi/America/Bahia
jre1.7.0_51/lib/zi/America/Cayman
jre1.7.0_51/lib/zi/America/Tegucigalpa
jre1.7.0_51/lib/zi/America/Sitka
jre1.7.0_51/lib/zi/America/Guayaquil
jre1.7.0_51/lib/zi/America/Monterrey
jre1.7.0_51/lib/zi/America/Pangnirtung
jre1.7.0_51/lib/zi/America/Ojinaga
jre1.7.0_51/lib/zi/ZoneInfoMappings
jre1.7.0_51/lib/zi/CST6CDT
jre1.7.0_51/lib/zi/GMT
jre1.7.0_51/lib/zi/Australia/
jre1.7.0_51/lib/zi/Australia/Adelaide
jre1.7.0_51/lib/zi/Australia/Lindeman
jre1.7.0_51/lib/zi/Australia/Darwin
jre1.7.0_51/lib/zi/Australia/Melbourne
jre1.7.0_51/lib/zi/Australia/Brisbane
jre1.7.0_51/lib/zi/Australia/Lord_Howe
jre1.7.0_51/lib/zi/Australia/Eucla
jre1.7.0_51/lib/zi/Australia/Hobart
jre1.7.0_51/lib/zi/Australia/Currie
jre1.7.0_51/lib/zi/Australia/Sydney
jre1.7.0_51/lib/zi/Australia/Broken_Hill
jre1.7.0_51/lib/zi/Australia/Perth
jre1.7.0_51/lib/zi/EST
jre1.7.0_51/lib/zi/Pacific/
jre1.7.0_51/lib/zi/Pacific/Nauru
jre1.7.0_51/lib/zi/Pacific/Pitcairn
jre1.7.0_51/lib/zi/Pacific/Efate
jre1.7.0_51/lib/zi/Pacific/Enderbury
jre1.7.0_51/lib/zi/Pacific/Apia
jre1.7.0_51/lib/zi/Pacific/Noumea
jre1.7.0_51/lib/zi/Pacific/Funafuti
jre1.7.0_51/lib/zi/Pacific/Tongatapu
jre1.7.0_51/lib/zi/Pacific/Midway
jre1.7.0_51/lib/zi/Pacific/Majuro
jre1.7.0_51/lib/zi/Pacific/Fakaofo
jre1.7.0_51/lib/zi/Pacific/Galapagos
jre1.7.0_51/lib/zi/Pacific/Gambier
jre1.7.0_51/lib/zi/Pacific/Palau
jre1.7.0_51/lib/zi/Pacific/Honolulu
jre1.7.0_51/lib/zi/Pacific/Chatham
jre1.7.0_51/lib/zi/Pacific/Auckland
jre1.7.0_51/lib/zi/Pacific/Pago_Pago
jre1.7.0_51/lib/zi/Pacific/Port_Moresby
jre1.7.0_51/lib/zi/Pacific/Kiritimati
jre1.7.0_51/lib/zi/Pacific/Kosrae
jre1.7.0_51/lib/zi/Pacific/Easter
jre1.7.0_51/lib/zi/Pacific/Wallis
jre1.7.0_51/lib/zi/Pacific/Fiji
jre1.7.0_51/lib/zi/Pacific/Tarawa
jre1.7.0_51/lib/zi/Pacific/Niue
jre1.7.0_51/lib/zi/Pacific/Marquesas
jre1.7.0_51/lib/zi/Pacific/Guam
jre1.7.0_51/lib/zi/Pacific/Chuuk
jre1.7.0_51/lib/zi/Pacific/Saipan
jre1.7.0_51/lib/zi/Pacific/Pohnpei
jre1.7.0_51/lib/zi/Pacific/Wake
jre1.7.0_51/lib/zi/Pacific/Norfolk
jre1.7.0_51/lib/zi/Pacific/Kwajalein
jre1.7.0_51/lib/zi/Pacific/Guadalcanal
jre1.7.0_51/lib/zi/Pacific/Tahiti
jre1.7.0_51/lib/zi/Pacific/Rarotonga
jre1.7.0_51/lib/zi/EST5EDT
jre1.7.0_51/lib/zi/MST
jre1.7.0_51/lib/zi/Atlantic/
jre1.7.0_51/lib/zi/Atlantic/Canary
jre1.7.0_51/lib/zi/Atlantic/Reykjavik
jre1.7.0_51/lib/zi/Atlantic/Azores
jre1.7.0_51/lib/zi/Atlantic/Cape_Verde
jre1.7.0_51/lib/zi/Atlantic/South_Georgia
jre1.7.0_51/lib/zi/Atlantic/Faroe
jre1.7.0_51/lib/zi/Atlantic/Madeira
jre1.7.0_51/lib/zi/Atlantic/Bermuda
jre1.7.0_51/lib/zi/Atlantic/Stanley
jre1.7.0_51/lib/zi/Atlantic/St_Helena
jre1.7.0_51/lib/zi/MST7MDT
jre1.7.0_51/lib/zi/Asia/
jre1.7.0_51/lib/zi/Asia/Jayapura
jre1.7.0_51/lib/zi/Asia/Taipei
jre1.7.0_51/lib/zi/Asia/Ashgabat
jre1.7.0_51/lib/zi/Asia/Kuching
jre1.7.0_51/lib/zi/Asia/Dhaka
jre1.7.0_51/lib/zi/Asia/Seoul
jre1.7.0_51/lib/zi/Asia/Magadan
jre1.7.0_51/lib/zi/Asia/Harbin
jre1.7.0_51/lib/zi/Asia/Tbilisi
jre1.7.0_51/lib/zi/Asia/Aden
jre1.7.0_51/lib/zi/Asia/Gaza
jre1.7.0_51/lib/zi/Asia/Choibalsan
jre1.7.0_51/lib/zi/Asia/Kuala_Lumpur
jre1.7.0_51/lib/zi/Asia/Riyadh89
jre1.7.0_51/lib/zi/Asia/Kuwait
jre1.7.0_51/lib/zi/Asia/Bahrain
jre1.7.0_51/lib/zi/Asia/Amman
jre1.7.0_51/lib/zi/Asia/Aqtau
jre1.7.0_51/lib/zi/Asia/Vientiane
jre1.7.0_51/lib/zi/Asia/Kashgar
jre1.7.0_51/lib/zi/Asia/Pontianak
jre1.7.0_51/lib/zi/Asia/Novokuznetsk
jre1.7.0_51/lib/zi/Asia/Beirut
jre1.7.0_51/lib/zi/Asia/Colombo
jre1.7.0_51/lib/zi/Asia/Baghdad
jre1.7.0_51/lib/zi/Asia/Oral
jre1.7.0_51/lib/zi/Asia/Urumqi
jre1.7.0_51/lib/zi/Asia/Tehran
jre1.7.0_51/lib/zi/Asia/Ho_Chi_Minh
jre1.7.0_51/lib/zi/Asia/Brunei
jre1.7.0_51/lib/zi/Asia/Phnom_Penh
jre1.7.0_51/lib/zi/Asia/Riyadh87
jre1.7.0_51/lib/zi/Asia/Khandyga
jre1.7.0_51/lib/zi/Asia/Macau
jre1.7.0_51/lib/zi/Asia/Tashkent
jre1.7.0_51/lib/zi/Asia/Jakarta
jre1.7.0_51/lib/zi/Asia/Baku
jre1.7.0_51/lib/zi/Asia/Riyadh88
jre1.7.0_51/lib/zi/Asia/Sakhalin
jre1.7.0_51/lib/zi/Asia/Chongqing
jre1.7.0_51/lib/zi/Asia/Aqtobe
jre1.7.0_51/lib/zi/Asia/Qyzylorda
jre1.7.0_51/lib/zi/Asia/Bangkok
jre1.7.0_51/lib/zi/Asia/Thimphu
jre1.7.0_51/lib/zi/Asia/Singapore
jre1.7.0_51/lib/zi/Asia/Shanghai
jre1.7.0_51/lib/zi/Asia/Pyongyang
jre1.7.0_51/lib/zi/Asia/Kolkata
jre1.7.0_51/lib/zi/Asia/Karachi
jre1.7.0_51/lib/zi/Asia/Tokyo
jre1.7.0_51/lib/zi/Asia/Novosibirsk
jre1.7.0_51/lib/zi/Asia/Vladivostok
jre1.7.0_51/lib/zi/Asia/Kabul
jre1.7.0_51/lib/zi/Asia/Hong_Kong
jre1.7.0_51/lib/zi/Asia/Dushanbe
jre1.7.0_51/lib/zi/Asia/Samarkand
jre1.7.0_51/lib/zi/Asia/Omsk
jre1.7.0_51/lib/zi/Asia/Qatar
jre1.7.0_51/lib/zi/Asia/Yakutsk
jre1.7.0_51/lib/zi/Asia/Dubai
jre1.7.0_51/lib/zi/Asia/Ulaanbaatar
jre1.7.0_51/lib/zi/Asia/Ust-Nera
jre1.7.0_51/lib/zi/Asia/Makassar
jre1.7.0_51/lib/zi/Asia/Damascus
jre1.7.0_51/lib/zi/Asia/Almaty
jre1.7.0_51/lib/zi/Asia/Kathmandu
jre1.7.0_51/lib/zi/Asia/Yekaterinburg
jre1.7.0_51/lib/zi/Asia/Irkutsk
jre1.7.0_51/lib/zi/Asia/Nicosia
jre1.7.0_51/lib/zi/Asia/Anadyr
jre1.7.0_51/lib/zi/Asia/Dili
jre1.7.0_51/lib/zi/Asia/Hebron
jre1.7.0_51/lib/zi/Asia/Muscat
jre1.7.0_51/lib/zi/Asia/Yerevan
jre1.7.0_51/lib/zi/Asia/Bishkek
jre1.7.0_51/lib/zi/Asia/Krasnoyarsk
jre1.7.0_51/lib/zi/Asia/Hovd
jre1.7.0_51/lib/zi/Asia/Manila
jre1.7.0_51/lib/zi/Asia/Rangoon
jre1.7.0_51/lib/zi/Asia/Jerusalem
jre1.7.0_51/lib/zi/Asia/Riyadh
jre1.7.0_51/lib/zi/Asia/Kamchatka
jre1.7.0_51/lib/zi/WET
jre1.7.0_51/lib/zi/PST8PDT
jre1.7.0_51/lib/images/
jre1.7.0_51/lib/images/icons/
jre1.7.0_51/lib/images/icons/sun-java_HighContrast.png
jre1.7.0_51/lib/images/icons/sun-java_HighContrastInverse.png
jre1.7.0_51/lib/images/icons/sun-java_LowContrast.png
jre1.7.0_51/lib/images/icons/sun-java.png
jre1.7.0_51/lib/images/cursors/
jre1.7.0_51/lib/images/cursors/motif_MoveDrop32x32.gif
jre1.7.0_51/lib/images/cursors/cursors.properties
jre1.7.0_51/lib/images/cursors/motif_MoveNoDrop32x32.gif
jre1.7.0_51/lib/images/cursors/motif_CopyNoDrop32x32.gif
jre1.7.0_51/lib/images/cursors/motif_LinkNoDrop32x32.gif
jre1.7.0_51/lib/images/cursors/motif_LinkDrop32x32.gif
jre1.7.0_51/lib/images/cursors/invalid32x32.gif
jre1.7.0_51/lib/images/cursors/motif_CopyDrop32x32.gif
jre1.7.0_51/lib/jfr.jar
jre1.7.0_51/lib/jvm.hprof.txt
jre1.7.0_51/lib/amd64/
jre1.7.0_51/lib/amd64/libjsoundalsa.so
jre1.7.0_51/lib/amd64/libkcms.so
jre1.7.0_51/lib/amd64/libjfxmedia.so
jre1.7.0_51/lib/amd64/libjpeg.so
jre1.7.0_51/lib/amd64/libnio.so
jre1.7.0_51/lib/amd64/libfontmanager.so
jre1.7.0_51/lib/amd64/libhprof.so
jre1.7.0_51/lib/amd64/libjsig.so
jre1.7.0_51/lib/amd64/libinstrument.so
jre1.7.0_51/lib/amd64/libnet.so
jre1.7.0_51/lib/amd64/jli/
jre1.7.0_51/lib/amd64/jli/libjli.so
jre1.7.0_51/lib/amd64/libjfxwebkit.so
jre1.7.0_51/lib/amd64/libnpt.so
jre1.7.0_51/lib/amd64/libjavafx-font.so
jre1.7.0_51/lib/amd64/libawt.so
jre1.7.0_51/lib/amd64/libprism-es2.so
jre1.7.0_51/lib/amd64/libsplashscreen.so
jre1.7.0_51/lib/amd64/libj2pcsc.so
jre1.7.0_51/lib/amd64/libmlib_image.so
jre1.7.0_51/lib/amd64/libj2pkcs11.so
jre1.7.0_51/lib/amd64/libsctp.so
jre1.7.0_51/lib/amd64/libdt_socket.so
jre1.7.0_51/lib/amd64/libjavafx-iio.so
jre1.7.0_51/lib/amd64/libjavaplugin_jni.so
jre1.7.0_51/lib/amd64/libgstplugins-lite.so
jre1.7.0_51/lib/amd64/libsunec.so
jre1.7.0_51/lib/amd64/libnpjp2.so
jre1.7.0_51/lib/amd64/libdeploy.so
jre1.7.0_51/lib/amd64/libjava_crw_demo.so
jre1.7.0_51/lib/amd64/libunpack.so
jre1.7.0_51/lib/amd64/libjfr.so
jre1.7.0_51/lib/amd64/libj2gss.so
jre1.7.0_51/lib/amd64/libt2k.so
jre1.7.0_51/lib/amd64/libverify.so
jre1.7.0_51/lib/amd64/libdcpr.so
jre1.7.0_51/lib/amd64/libjava.so
jre1.7.0_51/lib/amd64/libJdbcOdbc.so
jre1.7.0_51/lib/amd64/fxavcodecplugin-52.so
jre1.7.0_51/lib/amd64/server/
jre1.7.0_51/lib/amd64/server/libjsig.so
jre1.7.0_51/lib/amd64/server/Xusage.txt
jre1.7.0_51/lib/amd64/server/libjvm.so
jre1.7.0_51/lib/amd64/fxplugins.so
jre1.7.0_51/lib/amd64/xawt/
jre1.7.0_51/lib/amd64/xawt/libmawt.so
jre1.7.0_51/lib/amd64/fxavcodecplugin-53.so
jre1.7.0_51/lib/amd64/libjaas_unix.so
jre1.7.0_51/lib/amd64/libgstreamer-lite.so
jre1.7.0_51/lib/amd64/libmanagement.so
jre1.7.0_51/lib/amd64/jvm.cfg
jre1.7.0_51/lib/amd64/libjsdt.so
jre1.7.0_51/lib/amd64/libzip.so
jre1.7.0_51/lib/amd64/libglass.so
jre1.7.0_51/lib/amd64/headless/
jre1.7.0_51/lib/amd64/headless/libmawt.so
jre1.7.0_51/lib/amd64/libjsound.so
jre1.7.0_51/lib/amd64/libjdwp.so
jre1.7.0_51/lib/amd64/libjawt.so
jre1.7.0_51/lib/fontconfig.SuSE.10.bfc
jre1.7.0_51/lib/classlist
jre1.7.0_51/lib/management-agent.jar
jre1.7.0_51/lib/javaws.jar
jre1.7.0_51/lib/psfontj2d.properties
jre1.7.0_51/lib/rt.jar
jre1.7.0_51/lib/calendars.properties
jre1.7.0_51/lib/security/
jre1.7.0_51/lib/security/local_policy.jar
jre1.7.0_51/lib/security/trusted.libraries
jre1.7.0_51/lib/security/javafx.policy
jre1.7.0_51/lib/security/cacerts
jre1.7.0_51/lib/security/java.policy
jre1.7.0_51/lib/security/US_export_policy.jar
jre1.7.0_51/lib/security/java.security
jre1.7.0_51/lib/security/blacklist
jre1.7.0_51/lib/security/javaws.policy
jre1.7.0_51/lib/jfxrt.jar
jre1.7.0_51/lib/fontconfig.Turbo.properties.src
jre1.7.0_51/lib/jfr/
jre1.7.0_51/lib/jfr/profile.jfc
jre1.7.0_51/lib/jfr/default.jfc
jre1.7.0_51/lib/fontconfig.RedHat.5.properties.src
jre1.7.0_51/lib/net.properties
jre1.7.0_51/lib/content-types.properties
jre1.7.0_51/lib/fontconfig.RedHat.5.bfc
jre1.7.0_51/lib/alt-rt.jar
jre1.7.0_51/lib/logging.properties
jre1.7.0_51/lib/applet/
jre1.7.0_51/lib/cmm/
jre1.7.0_51/lib/cmm/LINEAR_RGB.pf
jre1.7.0_51/lib/cmm/GRAY.pf
jre1.7.0_51/lib/cmm/sRGB.pf
jre1.7.0_51/lib/cmm/PYCC.pf
jre1.7.0_51/lib/cmm/CIEXYZ.pf
jre1.7.0_51/lib/locale/
jre1.7.0_51/lib/locale/zh_TW.BIG5/
jre1.7.0_51/lib/locale/zh_TW.BIG5/LC_MESSAGES/
jre1.7.0_51/lib/locale/zh_TW.BIG5/LC_MESSAGES/sunw_java_plugin.mo
jre1.7.0_51/lib/locale/pt_BR/
jre1.7.0_51/lib/locale/pt_BR/LC_MESSAGES/
jre1.7.0_51/lib/locale/pt_BR/LC_MESSAGES/sunw_java_plugin.mo
jre1.7.0_51/lib/locale/de/
jre1.7.0_51/lib/locale/de/LC_MESSAGES/
jre1.7.0_51/lib/locale/de/LC_MESSAGES/sunw_java_plugin.mo
jre1.7.0_51/lib/locale/it/
jre1.7.0_51/lib/locale/it/LC_MESSAGES/
jre1.7.0_51/lib/locale/it/LC_MESSAGES/sunw_java_plugin.mo
jre1.7.0_51/lib/locale/zh_TW/
jre1.7.0_51/lib/locale/zh_TW/LC_MESSAGES/
jre1.7.0_51/lib/locale/zh_TW/LC_MESSAGES/sunw_java_plugin.mo
jre1.7.0_51/lib/locale/zh/
jre1.7.0_51/lib/locale/zh/LC_MESSAGES/
jre1.7.0_51/lib/locale/zh/LC_MESSAGES/sunw_java_plugin.mo
jre1.7.0_51/lib/locale/ja/
jre1.7.0_51/lib/locale/ja/LC_MESSAGES/
jre1.7.0_51/lib/locale/ja/LC_MESSAGES/sunw_java_plugin.mo
jre1.7.0_51/lib/locale/fr/
jre1.7.0_51/lib/locale/fr/LC_MESSAGES/
jre1.7.0_51/lib/locale/fr/LC_MESSAGES/sunw_java_plugin.mo
jre1.7.0_51/lib/locale/ko/
jre1.7.0_51/lib/locale/ko/LC_MESSAGES/
jre1.7.0_51/lib/locale/ko/LC_MESSAGES/sunw_java_plugin.mo
jre1.7.0_51/lib/locale/ko.UTF-8/
jre1.7.0_51/lib/locale/ko.UTF-8/LC_MESSAGES/
jre1.7.0_51/lib/locale/ko.UTF-8/LC_MESSAGES/sunw_java_plugin.mo
jre1.7.0_51/lib/locale/zh.GBK/
jre1.7.0_51/lib/locale/zh.GBK/LC_MESSAGES/
jre1.7.0_51/lib/locale/zh.GBK/LC_MESSAGES/sunw_java_plugin.mo
jre1.7.0_51/lib/locale/sv/
jre1.7.0_51/lib/locale/sv/LC_MESSAGES/
jre1.7.0_51/lib/locale/sv/LC_MESSAGES/sunw_java_plugin.mo
jre1.7.0_51/lib/locale/zh_HK.BIG5HK/
jre1.7.0_51/lib/locale/zh_HK.BIG5HK/LC_MESSAGES/
jre1.7.0_51/lib/locale/zh_HK.BIG5HK/LC_MESSAGES/sunw_java_plugin.mo
jre1.7.0_51/lib/locale/es/
jre1.7.0_51/lib/locale/es/LC_MESSAGES/
jre1.7.0_51/lib/locale/es/LC_MESSAGES/sunw_java_plugin.mo
jre1.7.0_51/lib/fonts/
jre1.7.0_51/lib/fonts/LucidaBrightDemiBold.ttf
jre1.7.0_51/lib/fonts/LucidaBrightItalic.ttf
jre1.7.0_51/lib/fonts/LucidaSansDemiBold.ttf
jre1.7.0_51/lib/fonts/LucidaTypewriterRegular.ttf
jre1.7.0_51/lib/fonts/LucidaBrightDemiItalic.ttf
jre1.7.0_51/lib/fonts/LucidaTypewriterBold.ttf
jre1.7.0_51/lib/fonts/LucidaSansRegular.ttf
jre1.7.0_51/lib/fonts/fonts.dir
jre1.7.0_51/lib/fonts/LucidaBrightRegular.ttf
jre1.7.0_51/lib/ext/
jre1.7.0_51/lib/ext/sunjce_provider.jar
jre1.7.0_51/lib/ext/meta-index
jre1.7.0_51/lib/ext/zipfs.jar
jre1.7.0_51/lib/ext/sunpkcs11.jar
jre1.7.0_51/lib/ext/dnsns.jar
jre1.7.0_51/lib/ext/localedata.jar
jre1.7.0_51/lib/ext/sunec.jar
jre1.7.0_51/lib/fontconfig.Turbo.bfc
jre1.7.0_51/lib/fontconfig.properties.src
jre1.7.0_51/lib/jce.jar
jre1.7.0_51/lib/fontconfig.RedHat.6.bfc
jre1.7.0_51/lib/currency.data
jre1.7.0_51/lib/javafx.properties
jre1.7.0_51/THIRDPARTYLICENSEREADME.txt
jre1.7.0_51/release
jre1.7.0_51/Welcome.html
jre1.7.0_51/man/
jre1.7.0_51/man/man1/
jre1.7.0_51/man/man1/unpack200.1
jre1.7.0_51/man/man1/policytool.1
jre1.7.0_51/man/man1/tnameserv.1
jre1.7.0_51/man/man1/pack200.1
jre1.7.0_51/man/man1/orbd.1
jre1.7.0_51/man/man1/servertool.1
jre1.7.0_51/man/man1/javaws.1
jre1.7.0_51/man/man1/rmid.1
jre1.7.0_51/man/man1/rmiregistry.1
jre1.7.0_51/man/man1/java.1
jre1.7.0_51/man/man1/keytool.1
jre1.7.0_51/man/ja
jre1.7.0_51/man/ja_JP.UTF-8/
jre1.7.0_51/man/ja_JP.UTF-8/man1/
jre1.7.0_51/man/ja_JP.UTF-8/man1/unpack200.1
jre1.7.0_51/man/ja_JP.UTF-8/man1/policytool.1
jre1.7.0_51/man/ja_JP.UTF-8/man1/tnameserv.1
jre1.7.0_51/man/ja_JP.UTF-8/man1/pack200.1
jre1.7.0_51/man/ja_JP.UTF-8/man1/orbd.1
jre1.7.0_51/man/ja_JP.UTF-8/man1/servertool.1
jre1.7.0_51/man/ja_JP.UTF-8/man1/javaws.1
jre1.7.0_51/man/ja_JP.UTF-8/man1/rmid.1
jre1.7.0_51/man/ja_JP.UTF-8/man1/rmiregistry.1
jre1.7.0_51/man/ja_JP.UTF-8/man1/java.1
jre1.7.0_51/man/ja_JP.UTF-8/man1/keytool.1
jre1.7.0_51/LICENSE
jre1.7.0_51/plugin/
jre1.7.0_51/plugin/desktop/
jre1.7.0_51/plugin/desktop/sun_java.png
jre1.7.0_51/plugin/desktop/sun_java.desktop
jre1.7.0_51/COPYRIGHT
jre1.7.0_51/THIRDPARTYLICENSEREADME-JAVAFX.txt
AuditLog.job000001
CURLTIME_12127
ChtcWrapperjob000001.out
NLPshared
SLIBS2.tar.gz
SS
URLS
_condor_stderr
_condor_stdout
chtcinnerwrapper
condor_exec.exe
do.sh
jre-7u51-linux-x64.tar.gz
jre1.7.0_51
nlp.jar
page-1.hocr.html
page-2.hocr.html
page-3.hocr.html
page-4.hocr.html
page-5.hocr.html
page-6.hocr.html
REMOVE 1:
REMOVE 1: 
REMOVE 2: 547-564.
REMOVE 2: +
REMOVE 1:  
REMOVE 2: :-
REMOVE 2: 5‘
REMOVE 2: 1393
REMOVE 2: 33
REMOVE 2: 3 4.2?
REMOVE 1:      
REMOVE 2: ,” ._.
Adding annotator tokenize
Adding annotator cleanxml
Adding annotator ssplit
Adding annotator pos
Loading default properties from tagger edu/stanford/nlp/models/pos-tagger/english-left3words/english-left3words-distsim.tagger
Reading POS tagger model from edu/stanford/nlp/models/pos-tagger/english-left3words/english-left3words-distsim.tagger ... done [3.4 sec].
Adding annotator lemma
Adding annotator ner
Loading classifier from edu/stanford/nlp/models/ner/english.all.3class.distsim.crf.ser.gz ... done [35.2 sec].
Loading classifier from edu/stanford/nlp/models/ner/english.muc.7class.distsim.crf.ser.gz ... done [15.4 sec].
Loading classifier from edu/stanford/nlp/models/ner/english.conll.4class.distsim.crf.ser.gz ... done [5.7 sec].
Initialization JollyDayHoliday for sutime
Reading TokensRegex rules from edu/stanford/nlp/models/sutime/defs.sutime.txt
Reading TokensRegex rules from edu/stanford/nlp/models/sutime/english.sutime.txt
Dec 29, 2014 4:23:24 PM edu.stanford.nlp.ling.tokensregex.CoreMapExpressionExtractor appendRules
INFO: Ignoring inactive rule: temporal-composite-8:ranges
Reading TokensRegex rules from edu/stanford/nlp/models/sutime/english.holidays.sutime.txt
Adding annotator parse
Loading parser from serialized file edu/stanford/nlp/models/lexparser/englishPCFG.ser.gz ... done [2.3 sec].
Dec 29, 2014 4:23:27 PM edu.stanford.nlp.process.PTBLexer next
WARNING: Untokenizable: � (U+FFFD, decimal: 65533)
